ssd1306.c:9:6:ssd1306_Reset	0	static
ssd1306.c:14:6:ssd1306_WriteCommand	32	static
ssd1306.c:19:6:ssd1306_WriteData	24	static
ssd1306.c:64:17:ssd1306_FillBuffer	8	static
ssd1306.c:96:6:ssd1306_Fill	0	static
ssd1306.c:106:6:ssd1306_UpdateScreen	16	static
ssd1306.c:74:6:ssd1306_Init	56	static
ssd1306.c:125:6:ssd1306_DrawPixel	16	static
ssd1306.c:143:6:ssd1306_WriteChar	56	static
ssd1306.c:178:6:ssd1306_WriteString	24	static
ssd1306.c:195:6:ssd1306_SetCursor	0	static
ssd1306.c:201:6:ssd1306_Line	48	static
ssd1306.c:237:6:ssd1306_Polyline	32	static
ssd1306.c:272:6:ssd1306_DrawArc	80	static
ssd1306.c:309:6:ssd1306_DrawCircle	48	static
ssd1306.c:354:6:ssd1306_DrawRectangle	40	static
ssd1306.c:387:6:ssd1306_SetContrast	8	static
ssd1306.c:393:6:ssd1306_SetDisplayOn	8	static
ssd1306.c:405:9:ssd1306_GetDisplayOn	0	static
